descriptor_path	fixtures.grammar.Order.sku[protowire.schema.v1.validate#0]
route	/grammar
schema	fixtures.grammar.Order
schema	fixtures.grammar.Order.KIND_WEB
schema	fixtures.grammar.Order.id
schema	fixtures.grammar.OrderService
schema	fixtures.grammar.OrderService.GetOrder
schema	fixtures.grammar.STATUS_OPEN
schema	fixtures.grammar.Sku
schema	fixtures.grammar.Status
topic	grammar.other
transition	transition:slide
widget	Border#prop:position
widget	Entry#event:onChanged
widget	Label
widget	Label#prop:id
widget	Label#prop:slot
widget	Label#prop:text
